main.c:125:6:HAL_GPIO_EXTI_Callback	16	static
main.c:133:6:HAL_UART_RxCpltCallback	16	static
main.c:144:6:HAL_TIM_PeriodElapsedCallback	16	static
main.c:204:5:main	8	static
main.c:258:6:SystemClock_Config	232	static
main.c:308:13:MX_TIM2_Init	40	static
main.c:353:13:MX_TIM3_Init	40	static
main.c:398:13:MX_USART1_UART_Init	8	static
main.c:433:13:MX_USART2_UART_Init	8	static
main.c:468:13:MX_GPIO_Init	40	static
main.c:499:6:tracker_fsm_init	16	static
main.c:511:6:tracker_fsm_run	16	static
main.c:581:6:Error_Handler	4	static
